Classic Timing Analyzer report for Computer
Wed Mar 31 23:52:28 2021
Quartus II Version 9.0 Build 132 02/25/2009 SJ Full Version


---------------------
; Table of Contents ;
---------------------
  1. Legal Notice
  2. Timing Analyzer Summary
  3. Timing Analyzer Settings
  4. Clock Settings Summary
  5. Parallel Compilation
  6. Clock Setup: 'clock'
  7. tsu
  8. tco
  9. th
 10. Timing Analyzer Messages



----------------
; Legal Notice ;
----------------
Copyright (C) 1991-2009 Altera Corporation
Your use of Altera Corporation's design tools, logic functions 
and other software and tools, and its AMPP partner logic 
functions, and any output files from any of the foregoing 
(including device programming or simulation files), and any 
associated documentation or information are expressly subject 
to the terms and conditions of the Altera Program License 
Subscription Agreement, Altera MegaCore Function License 
Agreement, or other applicable license agreement, including, 
without limitation, that your use is for the sole purpose of 
programming logic devices manufactured by Altera and sold by 
Altera or its authorized distributors.  Please refer to the 
applicable agreement for further details.



+-----------------------------------------------------------------------------------------------------------------------------------------------------------------+
; Timing Analyzer Summary                                                                                                                                         ;
+------------------------------+-------+---------------+----------------------------------+-----------------+--------------+------------+----------+--------------+
; Type                         ; Slack ; Required Time ; Actual Time                      ; From            ; To           ; From Clock ; To Clock ; Failed Paths ;
+------------------------------+-------+---------------+----------------------------------+-----------------+--------------+------------+----------+--------------+
; Worst-case tsu               ; N/A   ; None          ; 12.300 ns                        ; port_in[2]      ; A[2]~reg0    ; --         ; clock    ; 0            ;
; Worst-case tco               ; N/A   ; None          ; 12.900 ns                        ; PC_temp[3]~reg0 ; PC_temp[3]   ; clock      ; --       ; 0            ;
; Worst-case th                ; N/A   ; None          ; -4.600 ns                        ; port_in[0]      ; A[0]~reg0    ; --         ; clock    ; 0            ;
; Clock Setup: 'clock'         ; N/A   ; None          ; 28.74 MHz ( period = 34.800 ns ) ; IP[0]~reg0      ; temp[2]~reg0 ; clock      ; clock    ; 0            ;
; Total number of failed paths ;       ;               ;                                  ;                 ;              ;            ;          ; 0            ;
+------------------------------+-------+---------------+----------------------------------+-----------------+--------------+------------+----------+--------------+


+--------------------------------------------------------------------------------------------------------------------+
; Timing Analyzer Settings                                                                                           ;
+---------------------------------------------------------------------+--------------------+------+----+-------------+
; Option                                                              ; Setting            ; From ; To ; Entity Name ;
+---------------------------------------------------------------------+--------------------+------+----+-------------+
; Device Name                                                         ; EPF10K10TC144-3    ;      ;    ;             ;
; Timing Models                                                       ; Final              ;      ;    ;             ;
; Default hold multicycle                                             ; Same as Multicycle ;      ;    ;             ;
; Cut paths between unrelated clock domains                           ; On                 ;      ;    ;             ;
; Cut off read during write signal paths                              ; On                 ;      ;    ;             ;
; Cut off feedback from I/O pins                                      ; On                 ;      ;    ;             ;
; Report Combined Fast/Slow Timing                                    ; Off                ;      ;    ;             ;
; Ignore Clock Settings                                               ; Off                ;      ;    ;             ;
; Analyze latches as synchronous elements                             ; On                 ;      ;    ;             ;
; Enable Recovery/Removal analysis                                    ; Off                ;      ;    ;             ;
; Enable Clock Latency                                                ; Off                ;      ;    ;             ;
; Use TimeQuest Timing Analyzer                                       ; Off                ;      ;    ;             ;
; Minimum Core Junction Temperature                                   ; 0                  ;      ;    ;             ;
; Maximum Core Junction Temperature                                   ; 85                 ;      ;    ;             ;
; Number of source nodes to report per destination node               ; 10                 ;      ;    ;             ;
; Number of destination nodes to report                               ; 10                 ;      ;    ;             ;
; Number of paths to report                                           ; 200                ;      ;    ;             ;
; Report Minimum Timing Checks                                        ; Off                ;      ;    ;             ;
; Use Fast Timing Models                                              ; Off                ;      ;    ;             ;
; Report IO Paths Separately                                          ; Off                ;      ;    ;             ;
; Perform Multicorner Analysis                                        ; Off                ;      ;    ;             ;
; Reports the worst-case path for each clock domain and analysis      ; Off                ;      ;    ;             ;
; Removes common clock path pessimism (CCPP) during slack computation ; Off                ;      ;    ;             ;
; Output I/O Timing Endpoint                                          ; Near End           ;      ;    ;             ;
+---------------------------------------------------------------------+--------------------+------+----+-------------+


+------------------------------------------------------------------------------------------------------------------------------------------------------------------------------------+
; Clock Settings Summary                                                                                                                                                             ;
+-----------------+--------------------+----------+------------------+---------------+--------------+----------+-----------------------+---------------------+--------+--------------+
; Clock Node Name ; Clock Setting Name ; Type     ; Fmax Requirement ; Early Latency ; Late Latency ; Based on ; Multiply Base Fmax by ; Divide Base Fmax by ; Offset ; Phase offset ;
+-----------------+--------------------+----------+------------------+---------------+--------------+----------+-----------------------+---------------------+--------+--------------+
; clock           ;                    ; User Pin ; None             ; 0.000 ns      ; 0.000 ns     ; --       ; N/A                   ; N/A                 ; N/A    ;              ;
+-----------------+--------------------+----------+------------------+---------------+--------------+----------+-----------------------+---------------------+--------+--------------+


+------------------------------------------+
; Parallel Compilation                     ;
+----------------------------+-------------+
; Processors                 ; Number      ;
+----------------------------+-------------+
; Number detected on machine ; 4           ;
; Maximum allowed            ; 4           ;
;                            ;             ;
; Average used               ; 1.00        ;
; Maximum used               ; 1           ;
;                            ;             ;
; Usage by Processor         ; % Time Used ;
;     1 processor            ; 100.0%      ;
;     2-4 processors         ;   0.0%      ;
+----------------------------+-------------+


+------------------------------------------------------------------------------------------------------------------------------------------------------------------------------------------------------------------------------------------------+
; Clock Setup: 'clock'                                                                                                                                                                                                                           ;
+-----------------------------------------+-----------------------------------------------------+-----------------+------------------+------------+----------+-----------------------------+---------------------------+-------------------------+
; Slack                                   ; Actual fmax (period)                                ; From            ; To               ; From Clock ; To Clock ; Required Setup Relationship ; Required Longest P2P Time ; Actual Longest P2P Time ;
+-----------------------------------------+-----------------------------------------------------+-----------------+------------------+------------+----------+-----------------------------+---------------------------+-------------------------+
; N/A                                     ; 28.74 MHz ( period = 34.800 ns )                    ; IP[0]~reg0      ; temp[1]~reg0     ; clock      ; clock    ; None                        ; None                      ; 15.200 ns               ;
; N/A                                     ; 28.74 MHz ( period = 34.800 ns )                    ; IP[0]~reg0      ; temp[2]~reg0     ; clock      ; clock    ; None                        ; None                      ; 15.200 ns               ;
; N/A                                     ; 29.41 MHz ( period = 34.000 ns )                    ; IP[0]~reg0      ; A[3]~reg0        ; clock      ; clock    ; None                        ; None                      ; 14.800 ns               ;
; N/A                                     ; 29.59 MHz ( period = 33.800 ns )                    ; IP[2]~reg0      ; A[3]~reg0        ; clock      ; clock    ; None                        ; None                      ; 14.700 ns               ;
; N/A                                     ; 30.30 MHz ( period = 33.000 ns )                    ; IP[0]~reg0      ; temp[3]~reg0     ; clock      ; clock    ; None                        ; None                      ; 14.300 ns               ;
; N/A                                     ; 30.67 MHz ( period = 32.600 ns )                    ; IP[2]~reg0      ; A[0]~reg0        ; clock      ; clock    ; None                        ; None                      ; 14.100 ns               ;
; N/A                                     ; 31.06 MHz ( period = 32.200 ns )                    ; IP[0]~reg0      ; temp[0]~reg0     ; clock      ; clock    ; None                        ; None                      ; 13.900 ns               ;
; N/A                                     ; 31.25 MHz ( period = 32.000 ns )                    ; IP[0]~reg0      ; A[0]~reg0        ; clock      ; clock    ; None                        ; None                      ; 13.800 ns               ;
; N/A                                     ; 31.85 MHz ( period = 31.400 ns )                    ; IP[3]~reg0      ; temp[1]~reg0     ; clock      ; clock    ; None                        ; None                      ; 13.500 ns               ;
; N/A                                     ; 31.85 MHz ( period = 31.400 ns )                    ; IP[3]~reg0      ; temp[2]~reg0     ; clock      ; clock    ; None                        ; None                      ; 13.500 ns               ;
; N/A                                     ; 32.05 MHz ( period = 31.200 ns )                    ; IP[0]~reg0      ; A[2]~reg0        ; clock      ; clock    ; None                        ; None                      ; 13.400 ns               ;
; N/A                                     ; 32.05 MHz ( period = 31.200 ns )                    ; IP[3]~reg0      ; temp[0]~reg0     ; clock      ; clock    ; None                        ; None                      ; 13.400 ns               ;
; N/A                                     ; 32.68 MHz ( period = 30.600 ns )                    ; IP[3]~reg0      ; temp[3]~reg0     ; clock      ; clock    ; None                        ; None                      ; 13.100 ns               ;
; N/A                                     ; 33.11 MHz ( period = 30.200 ns )                    ; PC_temp[1]~reg0 ; IP[2]~reg0       ; clock      ; clock    ; None                        ; None                      ; 12.900 ns               ;
; N/A                                     ; 33.33 MHz ( period = 30.000 ns )                    ; IP[0]~reg0      ; A[1]~reg0        ; clock      ; clock    ; None                        ; None                      ; 12.800 ns               ;
; N/A                                     ; 33.33 MHz ( period = 30.000 ns )                    ; ZF~reg0         ; IP[0]~reg0       ; clock      ; clock    ; None                        ; None                      ; 12.800 ns               ;
; N/A                                     ; 33.56 MHz ( period = 29.800 ns )                    ; IP[2]~reg0      ; A[2]~reg0        ; clock      ; clock    ; None                        ; None                      ; 12.700 ns               ;
; N/A                                     ; 33.56 MHz ( period = 29.800 ns )                    ; PC_temp[0]~reg0 ; IP[2]~reg0       ; clock      ; clock    ; None                        ; None                      ; 12.700 ns               ;
; N/A                                     ; 35.46 MHz ( period = 28.200 ns )                    ; IP[0]~reg0      ; SF~reg0          ; clock      ; clock    ; None                        ; None                      ; 11.900 ns               ;
; N/A                                     ; 35.71 MHz ( period = 28.000 ns )                    ; IP[0]~reg0      ; OF~reg0          ; clock      ; clock    ; None                        ; None                      ; 11.800 ns               ;
; N/A                                     ; 36.36 MHz ( period = 27.500 ns )                    ; A[0]~reg0       ; ZF~reg0          ; clock      ; clock    ; None                        ; None                      ; 25.300 ns               ;
; N/A                                     ; 36.36 MHz ( period = 27.500 ns )                    ; B[1]~reg0       ; ZF~reg0          ; clock      ; clock    ; None                        ; None                      ; 25.300 ns               ;
; N/A                                     ; 36.50 MHz ( period = 27.400 ns )                    ; IP[2]~reg0      ; A[1]~reg0        ; clock      ; clock    ; None                        ; None                      ; 11.500 ns               ;
; N/A                                     ; 36.76 MHz ( period = 27.200 ns )                    ; IP[0]~reg0      ; port_out[0]~reg0 ; clock      ; clock    ; None                        ; None                      ; 11.400 ns               ;
; N/A                                     ; 36.76 MHz ( period = 27.200 ns )                    ; IP[0]~reg0      ; port_out[1]~reg0 ; clock      ; clock    ; None                        ; None                      ; 11.400 ns               ;
; N/A                                     ; 36.76 MHz ( period = 27.200 ns )                    ; IP[0]~reg0      ; port_out[2]~reg0 ; clock      ; clock    ; None                        ; None                      ; 11.400 ns               ;
; N/A                                     ; 36.76 MHz ( period = 27.200 ns )                    ; IP[0]~reg0      ; port_out[3]~reg0 ; clock      ; clock    ; None                        ; None                      ; 11.400 ns               ;
; N/A                                     ; 36.76 MHz ( period = 27.200 ns )                    ; A[3]~reg0       ; ZF~reg0          ; clock      ; clock    ; None                        ; None                      ; 25.000 ns               ;
; N/A                                     ; 36.90 MHz ( period = 27.100 ns )                    ; B[3]~reg0       ; ZF~reg0          ; clock      ; clock    ; None                        ; None                      ; 24.900 ns               ;
; N/A                                     ; 37.04 MHz ( period = 27.000 ns )                    ; A[0]~reg0       ; A[2]~reg0        ; clock      ; clock    ; None                        ; None                      ; 24.800 ns               ;
; N/A                                     ; 37.04 MHz ( period = 27.000 ns )                    ; B[1]~reg0       ; A[2]~reg0        ; clock      ; clock    ; None                        ; None                      ; 24.800 ns               ;
; N/A                                     ; 37.04 MHz ( period = 27.000 ns )                    ; A[1]~reg0       ; ZF~reg0          ; clock      ; clock    ; None                        ; None                      ; 24.800 ns               ;
; N/A                                     ; 37.04 MHz ( period = 27.000 ns )                    ; B[0]~reg0       ; ZF~reg0          ; clock      ; clock    ; None                        ; None                      ; 24.800 ns               ;
; N/A                                     ; 37.17 MHz ( period = 26.900 ns )                    ; A[0]~reg0       ; A[1]~reg0        ; clock      ; clock    ; None                        ; None                      ; 24.700 ns               ;
; N/A                                     ; 37.17 MHz ( period = 26.900 ns )                    ; B[1]~reg0       ; A[1]~reg0        ; clock      ; clock    ; None                        ; None                      ; 24.700 ns               ;
; N/A                                     ; 37.31 MHz ( period = 26.800 ns )                    ; IP[2]~reg0      ; port_out[0]~reg0 ; clock      ; clock    ; None                        ; None                      ; 11.200 ns               ;
; N/A                                     ; 37.31 MHz ( period = 26.800 ns )                    ; IP[2]~reg0      ; port_out[1]~reg0 ; clock      ; clock    ; None                        ; None                      ; 11.200 ns               ;
; N/A                                     ; 37.31 MHz ( period = 26.800 ns )                    ; ZF~reg0         ; IP[1]~reg0       ; clock      ; clock    ; None                        ; None                      ; 11.200 ns               ;
; N/A                                     ; 37.31 MHz ( period = 26.800 ns )                    ; IP[2]~reg0      ; port_out[2]~reg0 ; clock      ; clock    ; None                        ; None                      ; 11.200 ns               ;
; N/A                                     ; 37.31 MHz ( period = 26.800 ns )                    ; IP[2]~reg0      ; port_out[3]~reg0 ; clock      ; clock    ; None                        ; None                      ; 11.200 ns               ;
; N/A                                     ; 37.31 MHz ( period = 26.800 ns )                    ; IP[0]~reg0      ; ZF~reg0          ; clock      ; clock    ; None                        ; None                      ; 11.200 ns               ;
; N/A                                     ; 37.45 MHz ( period = 26.700 ns )                    ; A[3]~reg0       ; A[2]~reg0        ; clock      ; clock    ; None                        ; None                      ; 24.500 ns               ;
; N/A                                     ; 37.59 MHz ( period = 26.600 ns )                    ; A[3]~reg0       ; A[1]~reg0        ; clock      ; clock    ; None                        ; None                      ; 24.400 ns               ;
; N/A                                     ; 37.59 MHz ( period = 26.600 ns )                    ; B[3]~reg0       ; A[2]~reg0        ; clock      ; clock    ; None                        ; None                      ; 24.400 ns               ;
; N/A                                     ; 37.59 MHz ( period = 26.600 ns )                    ; A[2]~reg0       ; ZF~reg0          ; clock      ; clock    ; None                        ; None                      ; 24.400 ns               ;
; N/A                                     ; 37.74 MHz ( period = 26.500 ns )                    ; B[3]~reg0       ; A[1]~reg0        ; clock      ; clock    ; None                        ; None                      ; 24.300 ns               ;
; N/A                                     ; 37.74 MHz ( period = 26.500 ns )                    ; A[1]~reg0       ; A[2]~reg0        ; clock      ; clock    ; None                        ; None                      ; 24.300 ns               ;
; N/A                                     ; 37.74 MHz ( period = 26.500 ns )                    ; B[0]~reg0       ; A[2]~reg0        ; clock      ; clock    ; None                        ; None                      ; 24.300 ns               ;
; N/A                                     ; 37.88 MHz ( period = 26.400 ns )                    ; A[1]~reg0       ; A[1]~reg0        ; clock      ; clock    ; None                        ; None                      ; 24.200 ns               ;
; N/A                                     ; 37.88 MHz ( period = 26.400 ns )                    ; B[0]~reg0       ; A[1]~reg0        ; clock      ; clock    ; None                        ; None                      ; 24.200 ns               ;
; N/A                                     ; 37.88 MHz ( period = 26.400 ns )                    ; PC_temp[1]~reg0 ; IP[3]~reg0       ; clock      ; clock    ; None                        ; None                      ; 11.000 ns               ;
; N/A                                     ; 37.88 MHz ( period = 26.400 ns )                    ; A[0]~reg0       ; A[3]~reg0        ; clock      ; clock    ; None                        ; None                      ; 24.200 ns               ;
; N/A                                     ; 37.88 MHz ( period = 26.400 ns )                    ; B[1]~reg0       ; A[3]~reg0        ; clock      ; clock    ; None                        ; None                      ; 24.200 ns               ;
; N/A                                     ; 37.88 MHz ( period = 26.400 ns )                    ; IP[0]~reg0      ; B[0]~reg0        ; clock      ; clock    ; None                        ; None                      ; 11.000 ns               ;
; N/A                                     ; 38.17 MHz ( period = 26.200 ns )                    ; IP[1]~reg0      ; ZF~reg0          ; clock      ; clock    ; None                        ; None                      ; 10.900 ns               ;
; N/A                                     ; 38.31 MHz ( period = 26.100 ns )                    ; A[2]~reg0       ; A[2]~reg0        ; clock      ; clock    ; None                        ; None                      ; 23.900 ns               ;
; N/A                                     ; 38.31 MHz ( period = 26.100 ns )                    ; A[3]~reg0       ; A[3]~reg0        ; clock      ; clock    ; None                        ; None                      ; 23.900 ns               ;
; N/A                                     ; 38.46 MHz ( period = 26.000 ns )                    ; A[2]~reg0       ; A[1]~reg0        ; clock      ; clock    ; None                        ; None                      ; 23.800 ns               ;
; N/A                                     ; 38.46 MHz ( period = 26.000 ns )                    ; PC_temp[0]~reg0 ; IP[3]~reg0       ; clock      ; clock    ; None                        ; None                      ; 10.800 ns               ;
; N/A                                     ; 38.46 MHz ( period = 26.000 ns )                    ; B[3]~reg0       ; A[3]~reg0        ; clock      ; clock    ; None                        ; None                      ; 23.800 ns               ;
; N/A                                     ; 38.46 MHz ( period = 26.000 ns )                    ; IP[3]~reg0      ; Stack[0][0]      ; clock      ; clock    ; None                        ; None                      ; 10.800 ns               ;
; N/A                                     ; 38.46 MHz ( period = 26.000 ns )                    ; IP[3]~reg0      ; Stack[1][0]      ; clock      ; clock    ; None                        ; None                      ; 10.800 ns               ;
; N/A                                     ; 38.46 MHz ( period = 26.000 ns )                    ; IP[3]~reg0      ; Stack[2][0]      ; clock      ; clock    ; None                        ; None                      ; 10.800 ns               ;
; N/A                                     ; 38.46 MHz ( period = 26.000 ns )                    ; IP[3]~reg0      ; Stack[0][1]      ; clock      ; clock    ; None                        ; None                      ; 10.800 ns               ;
; N/A                                     ; 38.46 MHz ( period = 26.000 ns )                    ; IP[3]~reg0      ; Stack[1][1]      ; clock      ; clock    ; None                        ; None                      ; 10.800 ns               ;
; N/A                                     ; 38.46 MHz ( period = 26.000 ns )                    ; IP[3]~reg0      ; Stack[2][1]      ; clock      ; clock    ; None                        ; None                      ; 10.800 ns               ;
; N/A                                     ; 38.46 MHz ( period = 26.000 ns )                    ; IP[3]~reg0      ; Stack[1][2]      ; clock      ; clock    ; None                        ; None                      ; 10.800 ns               ;
; N/A                                     ; 38.46 MHz ( period = 26.000 ns )                    ; IP[3]~reg0      ; Stack[0][2]      ; clock      ; clock    ; None                        ; None                      ; 10.800 ns               ;
; N/A                                     ; 38.46 MHz ( period = 26.000 ns )                    ; IP[3]~reg0      ; Stack[2][2]      ; clock      ; clock    ; None                        ; None                      ; 10.800 ns               ;
; N/A                                     ; 38.46 MHz ( period = 26.000 ns )                    ; IP[3]~reg0      ; Stack[0][3]      ; clock      ; clock    ; None                        ; None                      ; 10.800 ns               ;
; N/A                                     ; 38.46 MHz ( period = 26.000 ns )                    ; IP[3]~reg0      ; Stack[1][3]      ; clock      ; clock    ; None                        ; None                      ; 10.800 ns               ;
; N/A                                     ; 38.46 MHz ( period = 26.000 ns )                    ; IP[3]~reg0      ; Stack[2][3]      ; clock      ; clock    ; None                        ; None                      ; 10.800 ns               ;
; N/A                                     ; 38.61 MHz ( period = 25.900 ns )                    ; A[1]~reg0       ; A[3]~reg0        ; clock      ; clock    ; None                        ; None                      ; 23.700 ns               ;
; N/A                                     ; 38.61 MHz ( period = 25.900 ns )                    ; B[0]~reg0       ; A[3]~reg0        ; clock      ; clock    ; None                        ; None                      ; 23.700 ns               ;
; N/A                                     ; 38.76 MHz ( period = 25.800 ns )                    ; IP[3]~reg0      ; PC_temp[0]~reg0  ; clock      ; clock    ; None                        ; None                      ; 10.700 ns               ;
; N/A                                     ; 38.76 MHz ( period = 25.800 ns )                    ; IP[3]~reg0      ; PC_temp[3]~reg0  ; clock      ; clock    ; None                        ; None                      ; 10.700 ns               ;
; N/A                                     ; 38.76 MHz ( period = 25.800 ns )                    ; IP[2]~reg0      ; SF~reg0          ; clock      ; clock    ; None                        ; None                      ; 10.700 ns               ;
; N/A                                     ; 39.06 MHz ( period = 25.600 ns )                    ; IP[2]~reg0      ; OF~reg0          ; clock      ; clock    ; None                        ; None                      ; 10.600 ns               ;
; N/A                                     ; 39.06 MHz ( period = 25.600 ns )                    ; IP[0]~reg0      ; Stack[0][0]      ; clock      ; clock    ; None                        ; None                      ; 10.600 ns               ;
; N/A                                     ; 39.06 MHz ( period = 25.600 ns )                    ; IP[0]~reg0      ; Stack[1][0]      ; clock      ; clock    ; None                        ; None                      ; 10.600 ns               ;
; N/A                                     ; 39.06 MHz ( period = 25.600 ns )                    ; IP[0]~reg0      ; Stack[0][1]      ; clock      ; clock    ; None                        ; None                      ; 10.600 ns               ;
; N/A                                     ; 39.06 MHz ( period = 25.600 ns )                    ; IP[0]~reg0      ; Stack[1][1]      ; clock      ; clock    ; None                        ; None                      ; 10.600 ns               ;
; N/A                                     ; 39.06 MHz ( period = 25.600 ns )                    ; IP[0]~reg0      ; Stack[1][2]      ; clock      ; clock    ; None                        ; None                      ; 10.600 ns               ;
; N/A                                     ; 39.06 MHz ( period = 25.600 ns )                    ; IP[0]~reg0      ; Stack[0][2]      ; clock      ; clock    ; None                        ; None                      ; 10.600 ns               ;
; N/A                                     ; 39.06 MHz ( period = 25.600 ns )                    ; IP[0]~reg0      ; Stack[0][3]      ; clock      ; clock    ; None                        ; None                      ; 10.600 ns               ;
; N/A                                     ; 39.06 MHz ( period = 25.600 ns )                    ; IP[0]~reg0      ; Stack[1][3]      ; clock      ; clock    ; None                        ; None                      ; 10.600 ns               ;
; N/A                                     ; 39.22 MHz ( period = 25.500 ns )                    ; A[2]~reg0       ; A[3]~reg0        ; clock      ; clock    ; None                        ; None                      ; 23.300 ns               ;
; N/A                                     ; 39.37 MHz ( period = 25.400 ns )                    ; IP[0]~reg0      ; Stack[3][0]      ; clock      ; clock    ; None                        ; None                      ; 10.500 ns               ;
; N/A                                     ; 39.37 MHz ( period = 25.400 ns )                    ; IP[0]~reg0      ; Stack[2][0]      ; clock      ; clock    ; None                        ; None                      ; 10.500 ns               ;
; N/A                                     ; 39.37 MHz ( period = 25.400 ns )                    ; IP[0]~reg0      ; Stack[3][1]      ; clock      ; clock    ; None                        ; None                      ; 10.500 ns               ;
; N/A                                     ; 39.37 MHz ( period = 25.400 ns )                    ; IP[0]~reg0      ; Stack[2][1]      ; clock      ; clock    ; None                        ; None                      ; 10.500 ns               ;
; N/A                                     ; 39.37 MHz ( period = 25.400 ns )                    ; IP[0]~reg0      ; Stack[3][2]      ; clock      ; clock    ; None                        ; None                      ; 10.500 ns               ;
; N/A                                     ; 39.37 MHz ( period = 25.400 ns )                    ; IP[0]~reg0      ; Stack[2][2]      ; clock      ; clock    ; None                        ; None                      ; 10.500 ns               ;
; N/A                                     ; 39.37 MHz ( period = 25.400 ns )                    ; IP[0]~reg0      ; Stack[3][3]      ; clock      ; clock    ; None                        ; None                      ; 10.500 ns               ;
; N/A                                     ; 39.37 MHz ( period = 25.400 ns )                    ; IP[0]~reg0      ; Stack[2][3]      ; clock      ; clock    ; None                        ; None                      ; 10.500 ns               ;
; N/A                                     ; 39.68 MHz ( period = 25.200 ns )                    ; IP[2]~reg0      ; PC_temp[0]~reg0  ; clock      ; clock    ; None                        ; None                      ; 10.400 ns               ;
; N/A                                     ; 39.68 MHz ( period = 25.200 ns )                    ; IP[2]~reg0      ; Stack[0][0]      ; clock      ; clock    ; None                        ; None                      ; 10.400 ns               ;
; N/A                                     ; 39.68 MHz ( period = 25.200 ns )                    ; IP[2]~reg0      ; Stack[1][0]      ; clock      ; clock    ; None                        ; None                      ; 10.400 ns               ;
; N/A                                     ; 39.68 MHz ( period = 25.200 ns )                    ; IP[2]~reg0      ; Stack[0][1]      ; clock      ; clock    ; None                        ; None                      ; 10.400 ns               ;
; N/A                                     ; 39.68 MHz ( period = 25.200 ns )                    ; IP[2]~reg0      ; Stack[1][1]      ; clock      ; clock    ; None                        ; None                      ; 10.400 ns               ;
; N/A                                     ; 39.68 MHz ( period = 25.200 ns )                    ; IP[2]~reg0      ; Stack[1][2]      ; clock      ; clock    ; None                        ; None                      ; 10.400 ns               ;
; N/A                                     ; 39.68 MHz ( period = 25.200 ns )                    ; IP[2]~reg0      ; Stack[0][2]      ; clock      ; clock    ; None                        ; None                      ; 10.400 ns               ;
; N/A                                     ; 39.68 MHz ( period = 25.200 ns )                    ; IP[2]~reg0      ; Stack[0][3]      ; clock      ; clock    ; None                        ; None                      ; 10.400 ns               ;
; N/A                                     ; 39.68 MHz ( period = 25.200 ns )                    ; IP[2]~reg0      ; Stack[1][3]      ; clock      ; clock    ; None                        ; None                      ; 10.400 ns               ;
; N/A                                     ; 40.00 MHz ( period = 25.000 ns )                    ; IP[3]~reg0      ; Stack[3][0]      ; clock      ; clock    ; None                        ; None                      ; 10.300 ns               ;
; N/A                                     ; 40.00 MHz ( period = 25.000 ns )                    ; IP[2]~reg0      ; Stack[3][0]      ; clock      ; clock    ; None                        ; None                      ; 10.300 ns               ;
; N/A                                     ; 40.00 MHz ( period = 25.000 ns )                    ; IP[2]~reg0      ; Stack[2][0]      ; clock      ; clock    ; None                        ; None                      ; 10.300 ns               ;
; N/A                                     ; 40.00 MHz ( period = 25.000 ns )                    ; IP[3]~reg0      ; Stack[3][1]      ; clock      ; clock    ; None                        ; None                      ; 10.300 ns               ;
; N/A                                     ; 40.00 MHz ( period = 25.000 ns )                    ; IP[2]~reg0      ; Stack[3][1]      ; clock      ; clock    ; None                        ; None                      ; 10.300 ns               ;
; N/A                                     ; 40.00 MHz ( period = 25.000 ns )                    ; IP[2]~reg0      ; Stack[2][1]      ; clock      ; clock    ; None                        ; None                      ; 10.300 ns               ;
; N/A                                     ; 40.00 MHz ( period = 25.000 ns )                    ; IP[3]~reg0      ; Stack[3][2]      ; clock      ; clock    ; None                        ; None                      ; 10.300 ns               ;
; N/A                                     ; 40.00 MHz ( period = 25.000 ns )                    ; IP[2]~reg0      ; Stack[3][2]      ; clock      ; clock    ; None                        ; None                      ; 10.300 ns               ;
; N/A                                     ; 40.00 MHz ( period = 25.000 ns )                    ; IP[2]~reg0      ; Stack[2][2]      ; clock      ; clock    ; None                        ; None                      ; 10.300 ns               ;
; N/A                                     ; 40.00 MHz ( period = 25.000 ns )                    ; IP[3]~reg0      ; Stack[3][3]      ; clock      ; clock    ; None                        ; None                      ; 10.300 ns               ;
; N/A                                     ; 40.00 MHz ( period = 25.000 ns )                    ; IP[2]~reg0      ; Stack[3][3]      ; clock      ; clock    ; None                        ; None                      ; 10.300 ns               ;
; N/A                                     ; 40.00 MHz ( period = 25.000 ns )                    ; IP[2]~reg0      ; Stack[2][3]      ; clock      ; clock    ; None                        ; None                      ; 10.300 ns               ;
; N/A                                     ; 40.32 MHz ( period = 24.800 ns )                    ; IP[3]~reg0      ; B[0]~reg0        ; clock      ; clock    ; None                        ; None                      ; 10.200 ns               ;
; N/A                                     ; 40.32 MHz ( period = 24.800 ns )                    ; IP[0]~reg0      ; B[2]~reg0        ; clock      ; clock    ; None                        ; None                      ; 10.200 ns               ;
; N/A                                     ; 40.32 MHz ( period = 24.800 ns )                    ; IP[2]~reg0      ; temp[3]~reg0     ; clock      ; clock    ; None                        ; None                      ; 10.200 ns               ;
; N/A                                     ; 40.65 MHz ( period = 24.600 ns )                    ; IP[3]~reg0      ; A[2]~reg0        ; clock      ; clock    ; None                        ; None                      ; 10.100 ns               ;
; N/A                                     ; 40.82 MHz ( period = 24.500 ns )                    ; B[2]~reg0       ; ZF~reg0          ; clock      ; clock    ; None                        ; None                      ; 22.300 ns               ;
; N/A                                     ; 40.98 MHz ( period = 24.400 ns )                    ; IP[1]~reg0      ; A[3]~reg0        ; clock      ; clock    ; None                        ; None                      ; 10.000 ns               ;
; N/A                                     ; 40.98 MHz ( period = 24.400 ns )                    ; IP[2]~reg0      ; temp[2]~reg0     ; clock      ; clock    ; None                        ; None                      ; 10.000 ns               ;
; N/A                                     ; 40.98 MHz ( period = 24.400 ns )                    ; IP[1]~reg0      ; temp[3]~reg0     ; clock      ; clock    ; None                        ; None                      ; 10.000 ns               ;
; N/A                                     ; 40.98 MHz ( period = 24.400 ns )                    ; IP[0]~reg0      ; PC_temp[0]~reg0  ; clock      ; clock    ; None                        ; None                      ; 10.000 ns               ;
; N/A                                     ; 40.98 MHz ( period = 24.400 ns )                    ; IP[1]~reg0      ; Stack[0][0]      ; clock      ; clock    ; None                        ; None                      ; 10.000 ns               ;
; N/A                                     ; 40.98 MHz ( period = 24.400 ns )                    ; IP[1]~reg0      ; Stack[1][0]      ; clock      ; clock    ; None                        ; None                      ; 10.000 ns               ;
; N/A                                     ; 40.98 MHz ( period = 24.400 ns )                    ; IP[1]~reg0      ; Stack[2][0]      ; clock      ; clock    ; None                        ; None                      ; 10.000 ns               ;
; N/A                                     ; 40.98 MHz ( period = 24.400 ns )                    ; IP[1]~reg0      ; Stack[0][1]      ; clock      ; clock    ; None                        ; None                      ; 10.000 ns               ;
; N/A                                     ; 40.98 MHz ( period = 24.400 ns )                    ; IP[1]~reg0      ; Stack[1][1]      ; clock      ; clock    ; None                        ; None                      ; 10.000 ns               ;
; N/A                                     ; 40.98 MHz ( period = 24.400 ns )                    ; IP[1]~reg0      ; Stack[2][1]      ; clock      ; clock    ; None                        ; None                      ; 10.000 ns               ;
; N/A                                     ; 40.98 MHz ( period = 24.400 ns )                    ; IP[1]~reg0      ; Stack[1][2]      ; clock      ; clock    ; None                        ; None                      ; 10.000 ns               ;
; N/A                                     ; 40.98 MHz ( period = 24.400 ns )                    ; IP[1]~reg0      ; Stack[0][2]      ; clock      ; clock    ; None                        ; None                      ; 10.000 ns               ;
; N/A                                     ; 40.98 MHz ( period = 24.400 ns )                    ; IP[1]~reg0      ; Stack[2][2]      ; clock      ; clock    ; None                        ; None                      ; 10.000 ns               ;
; N/A                                     ; 40.98 MHz ( period = 24.400 ns )                    ; IP[1]~reg0      ; Stack[0][3]      ; clock      ; clock    ; None                        ; None                      ; 10.000 ns               ;
; N/A                                     ; 40.98 MHz ( period = 24.400 ns )                    ; IP[1]~reg0      ; Stack[1][3]      ; clock      ; clock    ; None                        ; None                      ; 10.000 ns               ;
; N/A                                     ; 40.98 MHz ( period = 24.400 ns )                    ; IP[1]~reg0      ; Stack[2][3]      ; clock      ; clock    ; None                        ; None                      ; 10.000 ns               ;
; N/A                                     ; 41.15 MHz ( period = 24.300 ns )                    ; B[2]~reg0       ; A[2]~reg0        ; clock      ; clock    ; None                        ; None                      ; 22.100 ns               ;
; N/A                                     ; 41.32 MHz ( period = 24.200 ns )                    ; IP[3]~reg0      ; A[1]~reg0        ; clock      ; clock    ; None                        ; None                      ; 9.900 ns                ;
; N/A                                     ; 41.32 MHz ( period = 24.200 ns )                    ; IP[0]~reg0      ; B[1]~reg0        ; clock      ; clock    ; None                        ; None                      ; 9.900 ns                ;
; N/A                                     ; 41.32 MHz ( period = 24.200 ns )                    ; IP[0]~reg0      ; B[3]~reg0        ; clock      ; clock    ; None                        ; None                      ; 9.900 ns                ;
; N/A                                     ; 41.32 MHz ( period = 24.200 ns )                    ; IP[1]~reg0      ; temp[0]~reg0     ; clock      ; clock    ; None                        ; None                      ; 9.900 ns                ;
; N/A                                     ; 41.67 MHz ( period = 24.000 ns )                    ; IP[2]~reg0      ; temp[1]~reg0     ; clock      ; clock    ; None                        ; None                      ; 9.800 ns                ;
; N/A                                     ; 41.67 MHz ( period = 24.000 ns )                    ; IP[1]~reg0      ; temp[2]~reg0     ; clock      ; clock    ; None                        ; None                      ; 9.800 ns                ;
; N/A                                     ; 41.84 MHz ( period = 23.900 ns )                    ; A[0]~reg0       ; A[0]~reg0        ; clock      ; clock    ; None                        ; None                      ; 21.700 ns               ;
; N/A                                     ; 41.84 MHz ( period = 23.900 ns )                    ; B[1]~reg0       ; A[0]~reg0        ; clock      ; clock    ; None                        ; None                      ; 21.700 ns               ;
; N/A                                     ; 41.84 MHz ( period = 23.900 ns )                    ; A[0]~reg0       ; temp[0]~reg0     ; clock      ; clock    ; None                        ; None                      ; 21.700 ns               ;
; N/A                                     ; 41.84 MHz ( period = 23.900 ns )                    ; B[1]~reg0       ; temp[0]~reg0     ; clock      ; clock    ; None                        ; None                      ; 21.700 ns               ;
; N/A                                     ; 41.84 MHz ( period = 23.900 ns )                    ; A[0]~reg0       ; temp[3]~reg0     ; clock      ; clock    ; None                        ; None                      ; 21.700 ns               ;
; N/A                                     ; 41.84 MHz ( period = 23.900 ns )                    ; B[1]~reg0       ; temp[3]~reg0     ; clock      ; clock    ; None                        ; None                      ; 21.700 ns               ;
; N/A                                     ; 42.02 MHz ( period = 23.800 ns )                    ; HLT~reg0        ; IP[3]~reg0       ; clock      ; clock    ; None                        ; None                      ; 9.700 ns                ;
; N/A                                     ; 42.02 MHz ( period = 23.800 ns )                    ; IP[2]~reg0      ; temp[0]~reg0     ; clock      ; clock    ; None                        ; None                      ; 9.700 ns                ;
; N/A                                     ; 42.02 MHz ( period = 23.800 ns )                    ; IP[0]~reg0      ; SP[1]~reg0       ; clock      ; clock    ; None                        ; None                      ; 9.700 ns                ;
; N/A                                     ; 42.37 MHz ( period = 23.600 ns )                    ; IP[1]~reg0      ; A[0]~reg0        ; clock      ; clock    ; None                        ; None                      ; 9.600 ns                ;
; N/A                                     ; 42.37 MHz ( period = 23.600 ns )                    ; A[3]~reg0       ; A[0]~reg0        ; clock      ; clock    ; None                        ; None                      ; 21.400 ns               ;
; N/A                                     ; 42.37 MHz ( period = 23.600 ns )                    ; PC_temp[3]~reg0 ; IP[2]~reg0       ; clock      ; clock    ; None                        ; None                      ; 9.600 ns                ;
; N/A                                     ; 42.37 MHz ( period = 23.600 ns )                    ; A[3]~reg0       ; temp[0]~reg0     ; clock      ; clock    ; None                        ; None                      ; 21.400 ns               ;
; N/A                                     ; 42.37 MHz ( period = 23.600 ns )                    ; IP[1]~reg0      ; temp[1]~reg0     ; clock      ; clock    ; None                        ; None                      ; 9.600 ns                ;
; N/A                                     ; 42.37 MHz ( period = 23.600 ns )                    ; A[3]~reg0       ; temp[3]~reg0     ; clock      ; clock    ; None                        ; None                      ; 21.400 ns               ;
; N/A                                     ; 42.37 MHz ( period = 23.600 ns )                    ; IP[2]~reg0      ; PC_temp[3]~reg0  ; clock      ; clock    ; None                        ; None                      ; 9.600 ns                ;
; N/A                                     ; 42.55 MHz ( period = 23.500 ns )                    ; B[3]~reg0       ; A[0]~reg0        ; clock      ; clock    ; None                        ; None                      ; 21.300 ns               ;
; N/A                                     ; 42.55 MHz ( period = 23.500 ns )                    ; B[3]~reg0       ; temp[0]~reg0     ; clock      ; clock    ; None                        ; None                      ; 21.300 ns               ;
; N/A                                     ; 42.55 MHz ( period = 23.500 ns )                    ; B[3]~reg0       ; temp[3]~reg0     ; clock      ; clock    ; None                        ; None                      ; 21.300 ns               ;
; N/A                                     ; 42.74 MHz ( period = 23.400 ns )                    ; IP[3]~reg0      ; port_out[0]~reg0 ; clock      ; clock    ; None                        ; None                      ; 9.500 ns                ;
; N/A                                     ; 42.74 MHz ( period = 23.400 ns )                    ; A[1]~reg0       ; A[0]~reg0        ; clock      ; clock    ; None                        ; None                      ; 21.200 ns               ;
; N/A                                     ; 42.74 MHz ( period = 23.400 ns )                    ; B[0]~reg0       ; A[0]~reg0        ; clock      ; clock    ; None                        ; None                      ; 21.200 ns               ;
; N/A                                     ; 42.74 MHz ( period = 23.400 ns )                    ; IP[3]~reg0      ; port_out[1]~reg0 ; clock      ; clock    ; None                        ; None                      ; 9.500 ns                ;
; N/A                                     ; 42.74 MHz ( period = 23.400 ns )                    ; HLT~reg0        ; IP[1]~reg0       ; clock      ; clock    ; None                        ; None                      ; 9.500 ns                ;
; N/A                                     ; 42.74 MHz ( period = 23.400 ns )                    ; IP[3]~reg0      ; port_out[2]~reg0 ; clock      ; clock    ; None                        ; None                      ; 9.500 ns                ;
; N/A                                     ; 42.74 MHz ( period = 23.400 ns )                    ; IP[3]~reg0      ; port_out[3]~reg0 ; clock      ; clock    ; None                        ; None                      ; 9.500 ns                ;
; N/A                                     ; 42.74 MHz ( period = 23.400 ns )                    ; B[2]~reg0       ; A[3]~reg0        ; clock      ; clock    ; None                        ; None                      ; 21.200 ns               ;
; N/A                                     ; 42.74 MHz ( period = 23.400 ns )                    ; HLT~reg0        ; IP[2]~reg0       ; clock      ; clock    ; None                        ; None                      ; 9.500 ns                ;
; N/A                                     ; 42.74 MHz ( period = 23.400 ns )                    ; A[1]~reg0       ; temp[0]~reg0     ; clock      ; clock    ; None                        ; None                      ; 21.200 ns               ;
; N/A                                     ; 42.74 MHz ( period = 23.400 ns )                    ; B[0]~reg0       ; temp[0]~reg0     ; clock      ; clock    ; None                        ; None                      ; 21.200 ns               ;
; N/A                                     ; 42.74 MHz ( period = 23.400 ns )                    ; A[1]~reg0       ; temp[3]~reg0     ; clock      ; clock    ; None                        ; None                      ; 21.200 ns               ;
; N/A                                     ; 42.74 MHz ( period = 23.400 ns )                    ; B[0]~reg0       ; temp[3]~reg0     ; clock      ; clock    ; None                        ; None                      ; 21.200 ns               ;
; N/A                                     ; 42.74 MHz ( period = 23.400 ns )                    ; HLT~reg0        ; IP[0]~reg0       ; clock      ; clock    ; None                        ; None                      ; 9.500 ns                ;
; N/A                                     ; 42.74 MHz ( period = 23.400 ns )                    ; IP[3]~reg0      ; OF~reg0          ; clock      ; clock    ; None                        ; None                      ; 9.500 ns                ;
; N/A                                     ; 42.74 MHz ( period = 23.400 ns )                    ; IP[3]~reg0      ; SF~reg0          ; clock      ; clock    ; None                        ; None                      ; 9.500 ns                ;
; N/A                                     ; 42.74 MHz ( period = 23.400 ns )                    ; IP[1]~reg0      ; Stack[3][0]      ; clock      ; clock    ; None                        ; None                      ; 9.500 ns                ;
; N/A                                     ; 42.74 MHz ( period = 23.400 ns )                    ; IP[1]~reg0      ; Stack[3][1]      ; clock      ; clock    ; None                        ; None                      ; 9.500 ns                ;
; N/A                                     ; 42.74 MHz ( period = 23.400 ns )                    ; IP[1]~reg0      ; Stack[3][2]      ; clock      ; clock    ; None                        ; None                      ; 9.500 ns                ;
; N/A                                     ; 42.74 MHz ( period = 23.400 ns )                    ; IP[1]~reg0      ; Stack[3][3]      ; clock      ; clock    ; None                        ; None                      ; 9.500 ns                ;
; N/A                                     ; 43.10 MHz ( period = 23.200 ns )                    ; IP[1]~reg0      ; port_out[0]~reg0 ; clock      ; clock    ; None                        ; None                      ; 9.400 ns                ;
; N/A                                     ; 43.10 MHz ( period = 23.200 ns )                    ; IP[1]~reg0      ; port_out[1]~reg0 ; clock      ; clock    ; None                        ; None                      ; 9.400 ns                ;
; N/A                                     ; 43.10 MHz ( period = 23.200 ns )                    ; IP[1]~reg0      ; port_out[2]~reg0 ; clock      ; clock    ; None                        ; None                      ; 9.400 ns                ;
; N/A                                     ; 43.10 MHz ( period = 23.200 ns )                    ; IP[1]~reg0      ; port_out[3]~reg0 ; clock      ; clock    ; None                        ; None                      ; 9.400 ns                ;
; N/A                                     ; 43.10 MHz ( period = 23.200 ns )                    ; IP[1]~reg0      ; B[0]~reg0        ; clock      ; clock    ; None                        ; None                      ; 9.400 ns                ;
; N/A                                     ; 43.10 MHz ( period = 23.200 ns )                    ; IP[1]~reg0      ; B[1]~reg0        ; clock      ; clock    ; None                        ; None                      ; 9.400 ns                ;
; N/A                                     ; 43.10 MHz ( period = 23.200 ns )                    ; PC_temp[2]~reg0 ; IP[2]~reg0       ; clock      ; clock    ; None                        ; None                      ; 9.400 ns                ;
; N/A                                     ; 43.10 MHz ( period = 23.200 ns )                    ; IP[1]~reg0      ; B[3]~reg0        ; clock      ; clock    ; None                        ; None                      ; 9.400 ns                ;
; N/A                                     ; 43.10 MHz ( period = 23.200 ns )                    ; IP[1]~reg0      ; PC_temp[0]~reg0  ; clock      ; clock    ; None                        ; None                      ; 9.400 ns                ;
; N/A                                     ; 43.10 MHz ( period = 23.200 ns )                    ; IP[3]~reg0      ; PC_temp[1]~reg0  ; clock      ; clock    ; None                        ; None                      ; 9.400 ns                ;
; N/A                                     ; 43.10 MHz ( period = 23.200 ns )                    ; IP[3]~reg0      ; PC_temp[2]~reg0  ; clock      ; clock    ; None                        ; None                      ; 9.400 ns                ;
; N/A                                     ; 43.10 MHz ( period = 23.200 ns )                    ; IP[1]~reg0      ; PC_temp[3]~reg0  ; clock      ; clock    ; None                        ; None                      ; 9.400 ns                ;
; N/A                                     ; 43.10 MHz ( period = 23.200 ns )                    ; IP[1]~reg0      ; SF~reg0          ; clock      ; clock    ; None                        ; None                      ; 9.400 ns                ;
; N/A                                     ; 43.48 MHz ( period = 23.000 ns )                    ; A[2]~reg0       ; A[0]~reg0        ; clock      ; clock    ; None                        ; None                      ; 20.800 ns               ;
; N/A                                     ; 43.48 MHz ( period = 23.000 ns )                    ; A[2]~reg0       ; temp[0]~reg0     ; clock      ; clock    ; None                        ; None                      ; 20.800 ns               ;
; N/A                                     ; 43.48 MHz ( period = 23.000 ns )                    ; A[2]~reg0       ; temp[3]~reg0     ; clock      ; clock    ; None                        ; None                      ; 20.800 ns               ;
; N/A                                     ; 43.48 MHz ( period = 23.000 ns )                    ; IP[1]~reg0      ; OF~reg0          ; clock      ; clock    ; None                        ; None                      ; 9.300 ns                ;
; Timing analysis restricted to 200 rows. ; To change the limit use Settings (Assignments menu) ;                 ;                  ;            ;          ;                             ;                           ;                         ;
+-----------------------------------------+-----------------------------------------------------+-----------------+------------------+------------+----------+-----------------------------+---------------------------+-------------------------+


+-----------------------------------------------------------------------+
; tsu                                                                   ;
+-------+--------------+------------+------------+-----------+----------+
; Slack ; Required tsu ; Actual tsu ; From       ; To        ; To Clock ;
+-------+--------------+------------+------------+-----------+----------+
; N/A   ; None         ; 12.300 ns  ; port_in[2] ; A[2]~reg0 ; clock    ;
; N/A   ; None         ; 9.700 ns   ; port_in[3] ; A[3]~reg0 ; clock    ;
; N/A   ; None         ; 7.400 ns   ; port_in[1] ; A[1]~reg0 ; clock    ;
; N/A   ; None         ; 7.300 ns   ; port_in[0] ; A[0]~reg0 ; clock    ;
+-------+--------------+------------+------------+-----------+----------+


+------------------------------------------------------------------------------------------------------------------------------------+
; tco                                                                                                                                ;
+-------+--------------+------------+---------------------------------------------------------------------+-------------+------------+
; Slack ; Required tco ; Actual tco ; From                                                                ; To          ; From Clock ;
+-------+--------------+------------+---------------------------------------------------------------------+-------------+------------+
; N/A   ; None         ; 12.900 ns  ; PC_temp[3]~reg0                                                     ; PC_temp[3]  ; clock      ;
; N/A   ; None         ; 12.200 ns  ; HLT~reg0                                                            ; HLT         ; clock      ;
; N/A   ; None         ; 12.100 ns  ; IP[0]~reg0                                                          ; IP[0]       ; clock      ;
; N/A   ; None         ; 12.100 ns  ; B[3]~reg0                                                           ; B[3]        ; clock      ;
; N/A   ; None         ; 11.400 ns  ; ZF~reg0                                                             ; ZF          ; clock      ;
; N/A   ; None         ; 11.200 ns  ; PC_temp[0]~reg0                                                     ; PC_temp[0]  ; clock      ;
; N/A   ; None         ; 10.900 ns  ; OF~reg0                                                             ; OF          ; clock      ;
; N/A   ; None         ; 10.900 ns  ; temp[3]~reg0                                                        ; temp[3]     ; clock      ;
; N/A   ; None         ; 10.700 ns  ; B[1]~reg0                                                           ; B[1]        ; clock      ;
; N/A   ; None         ; 10.700 ns  ; B[0]~reg0                                                           ; B[0]        ; clock      ;
; N/A   ; None         ; 10.600 ns  ; IP[2]~reg0                                                          ; IP[2]       ; clock      ;
; N/A   ; None         ; 10.600 ns  ; IP[1]~reg0                                                          ; IP[1]       ; clock      ;
; N/A   ; None         ; 10.600 ns  ; lpm_counter:PC_rtl_0|alt_counter_f10ke:wysi_counter|counter_cell[2] ; PC[2]       ; clock      ;
; N/A   ; None         ; 10.600 ns  ; B[2]~reg0                                                           ; B[2]        ; clock      ;
; N/A   ; None         ; 10.600 ns  ; A[3]~reg0                                                           ; A[3]        ; clock      ;
; N/A   ; None         ; 10.600 ns  ; A[1]~reg0                                                           ; A[1]        ; clock      ;
; N/A   ; None         ; 10.400 ns  ; SP[1]~reg0                                                          ; SP[1]       ; clock      ;
; N/A   ; None         ; 10.200 ns  ; SP[0]~reg0                                                          ; SP[0]       ; clock      ;
; N/A   ; None         ; 10.000 ns  ; PC_temp[1]~reg0                                                     ; PC_temp[1]  ; clock      ;
; N/A   ; None         ; 10.000 ns  ; temp[2]~reg0                                                        ; temp[2]     ; clock      ;
; N/A   ; None         ; 9.900 ns   ; PC_temp[2]~reg0                                                     ; PC_temp[2]  ; clock      ;
; N/A   ; None         ; 9.900 ns   ; temp[1]~reg0                                                        ; temp[1]     ; clock      ;
; N/A   ; None         ; 9.900 ns   ; temp[0]~reg0                                                        ; temp[0]     ; clock      ;
; N/A   ; None         ; 9.900 ns   ; A[2]~reg0                                                           ; A[2]        ; clock      ;
; N/A   ; None         ; 9.900 ns   ; port_out[3]~reg0                                                    ; port_out[3] ; clock      ;
; N/A   ; None         ; 9.900 ns   ; port_out[2]~reg0                                                    ; port_out[2] ; clock      ;
; N/A   ; None         ; 9.900 ns   ; port_out[1]~reg0                                                    ; port_out[1] ; clock      ;
; N/A   ; None         ; 9.900 ns   ; port_out[0]~reg0                                                    ; port_out[0] ; clock      ;
; N/A   ; None         ; 9.500 ns   ; SF~reg0                                                             ; SF          ; clock      ;
; N/A   ; None         ; 9.500 ns   ; IP[3]~reg0                                                          ; IP[3]       ; clock      ;
; N/A   ; None         ; 9.500 ns   ; lpm_counter:PC_rtl_0|alt_counter_f10ke:wysi_counter|counter_cell[3] ; PC[3]       ; clock      ;
; N/A   ; None         ; 9.500 ns   ; lpm_counter:PC_rtl_0|alt_counter_f10ke:wysi_counter|counter_cell[1] ; PC[1]       ; clock      ;
; N/A   ; None         ; 9.500 ns   ; lpm_counter:PC_rtl_0|alt_counter_f10ke:wysi_counter|counter_cell[0] ; PC[0]       ; clock      ;
; N/A   ; None         ; 9.400 ns   ; A[0]~reg0                                                           ; A[0]        ; clock      ;
+-------+--------------+------------+---------------------------------------------------------------------+-------------+------------+


+-----------------------------------------------------------------------------+
; th                                                                          ;
+---------------+-------------+-----------+------------+-----------+----------+
; Minimum Slack ; Required th ; Actual th ; From       ; To        ; To Clock ;
+---------------+-------------+-----------+------------+-----------+----------+
; N/A           ; None        ; -4.600 ns ; port_in[0] ; A[0]~reg0 ; clock    ;
; N/A           ; None        ; -4.700 ns ; port_in[1] ; A[1]~reg0 ; clock    ;
; N/A           ; None        ; -7.000 ns ; port_in[3] ; A[3]~reg0 ; clock    ;
; N/A           ; None        ; -9.600 ns ; port_in[2] ; A[2]~reg0 ; clock    ;
+---------------+-------------+-----------+------------+-----------+----------+


+--------------------------+
; Timing Analyzer Messages ;
+--------------------------+
Info: *******************************************************************
Info: Running Quartus II Classic Timing Analyzer
    Info: Version 9.0 Build 132 02/25/2009 SJ Full Version
    Info: Processing started: Wed Mar 31 23:52:27 2021
Info: Command: quartus_tan --read_settings_files=off --write_settings_files=off Computer -c Computer
Info: Parallel compilation is enabled and will use 4 of the 4 processors detected
Info: Started post-fitting delay annotation
Info: Delay annotation completed successfully
Warning: Found pins functioning as undefined clocks and/or memory enables
    Info: Assuming node "clock" is an undefined clock
Info: Clock "clock" has Internal fmax of 28.74 MHz between source register "IP[0]~reg0" and destination register "temp[1]~reg0" (period= 34.8 ns)
    Info: + Longest register to register delay is 15.200 ns
        Info: 1: + IC(0.000 ns) + CELL(0.000 ns) = 0.000 ns; Loc. = LC1_B13; Fanout = 56; REG Node = 'IP[0]~reg0'
        Info: 2: + IC(3.600 ns) + CELL(1.900 ns) = 5.500 ns; Loc. = LC8_B9; Fanout = 2; COMB Node = 'temp~111'
        Info: 3: + IC(1.800 ns) + CELL(1.400 ns) = 8.700 ns; Loc. = LC4_B10; Fanout = 1; COMB Node = 'temp~115'
        Info: 4: + IC(0.600 ns) + CELL(1.400 ns) = 10.700 ns; Loc. = LC6_B10; Fanout = 1; COMB Node = 'temp~83'
        Info: 5: + IC(0.600 ns) + CELL(1.900 ns) = 13.200 ns; Loc. = LC8_B10; Fanout = 1; COMB Node = 'temp~85'
        Info: 6: + IC(0.600 ns) + CELL(1.400 ns) = 15.200 ns; Loc. = LC2_B10; Fanout = 5; REG Node = 'temp[1]~reg0'
        Info: Total cell delay = 8.000 ns ( 52.63 % )
        Info: Total interconnect delay = 7.200 ns ( 47.37 % )
    Info: - Smallest clock skew is 0.000 ns
        Info: + Shortest clock path from clock "clock" to destination register is 3.900 ns
            Info: 1: + IC(0.000 ns) + CELL(1.900 ns) = 1.900 ns; Loc. = PIN_55; Fanout = 51; CLK Node = 'clock'
            Info: 2: + IC(2.000 ns) + CELL(0.000 ns) = 3.900 ns; Loc. = LC2_B10; Fanout = 5; REG Node = 'temp[1]~reg0'
            Info: Total cell delay = 1.900 ns ( 48.72 % )
            Info: Total interconnect delay = 2.000 ns ( 51.28 % )
        Info: - Longest clock path from clock "clock" to source register is 3.900 ns
            Info: 1: + IC(0.000 ns) + CELL(1.900 ns) = 1.900 ns; Loc. = PIN_55; Fanout = 51; CLK Node = 'clock'
            Info: 2: + IC(2.000 ns) + CELL(0.000 ns) = 3.900 ns; Loc. = LC1_B13; Fanout = 56; REG Node = 'IP[0]~reg0'
            Info: Total cell delay = 1.900 ns ( 48.72 % )
            Info: Total interconnect delay = 2.000 ns ( 51.28 % )
    Info: + Micro clock to output delay of source is 0.900 ns
    Info: + Micro setup delay of destination is 1.300 ns
    Info: Delay path is controlled by inverted clocks -- if clock duty cycle is 50%, fmax is divided by two
Info: tsu for register "A[2]~reg0" (data pin = "port_in[2]", clock pin = "clock") is 12.300 ns
    Info: + Longest pin to register delay is 14.900 ns
        Info: 1: + IC(0.000 ns) + CELL(1.900 ns) = 1.900 ns; Loc. = PIN_54; Fanout = 1; PIN Node = 'port_in[2]'
        Info: 2: + IC(1.600 ns) + CELL(1.900 ns) = 5.400 ns; Loc. = LC2_B16; Fanout = 1; COMB Node = 'A~84'
        Info: 3: + IC(0.600 ns) + CELL(1.900 ns) = 7.900 ns; Loc. = LC4_B16; Fanout = 1; COMB Node = 'A~85'
        Info: 4: + IC(0.600 ns) + CELL(1.900 ns) = 10.400 ns; Loc. = LC7_B16; Fanout = 1; COMB Node = 'A~88'
        Info: 5: + IC(0.600 ns) + CELL(1.900 ns) = 12.900 ns; Loc. = LC8_B16; Fanout = 1; COMB Node = 'A~89'
        Info: 6: + IC(0.600 ns) + CELL(1.400 ns) = 14.900 ns; Loc. = LC3_B16; Fanout = 17; REG Node = 'A[2]~reg0'
        Info: Total cell delay = 10.900 ns ( 73.15 % )
        Info: Total interconnect delay = 4.000 ns ( 26.85 % )
    Info: + Micro setup delay of destination is 1.300 ns
    Info: - Shortest clock path from clock "clock" to destination register is 3.900 ns
        Info: 1: + IC(0.000 ns) + CELL(1.900 ns) = 1.900 ns; Loc. = PIN_55; Fanout = 51; CLK Node = 'clock'
        Info: 2: + IC(2.000 ns) + CELL(0.000 ns) = 3.900 ns; Loc. = LC3_B16; Fanout = 17; REG Node = 'A[2]~reg0'
        Info: Total cell delay = 1.900 ns ( 48.72 % )
        Info: Total interconnect delay = 2.000 ns ( 51.28 % )
Info: tco from clock "clock" to destination pin "PC_temp[3]" through register "PC_temp[3]~reg0" is 12.900 ns
    Info: + Longest clock path from clock "clock" to source register is 3.900 ns
        Info: 1: + IC(0.000 ns) + CELL(1.900 ns) = 1.900 ns; Loc. = PIN_55; Fanout = 51; CLK Node = 'clock'
        Info: 2: + IC(2.000 ns) + CELL(0.000 ns) = 3.900 ns; Loc. = LC4_B18; Fanout = 6; REG Node = 'PC_temp[3]~reg0'
        Info: Total cell delay = 1.900 ns ( 48.72 % )
        Info: Total interconnect delay = 2.000 ns ( 51.28 % )
    Info: + Micro clock to output delay of source is 0.900 ns
    Info: + Longest register to pin delay is 8.100 ns
        Info: 1: + IC(0.000 ns) + CELL(0.000 ns) = 0.000 ns; Loc. = LC4_B18; Fanout = 6; REG Node = 'PC_temp[3]~reg0'
        Info: 2: + IC(4.200 ns) + CELL(3.900 ns) = 8.100 ns; Loc. = PIN_20; Fanout = 0; PIN Node = 'PC_temp[3]'
        Info: Total cell delay = 3.900 ns ( 48.15 % )
        Info: Total interconnect delay = 4.200 ns ( 51.85 % )
Info: th for register "A[0]~reg0" (data pin = "port_in[0]", clock pin = "clock") is -4.600 ns
    Info: + Longest clock path from clock "clock" to destination register is 3.900 ns
        Info: 1: + IC(0.000 ns) + CELL(1.900 ns) = 1.900 ns; Loc. = PIN_55; Fanout = 51; CLK Node = 'clock'
        Info: 2: + IC(2.000 ns) + CELL(0.000 ns) = 3.900 ns; Loc. = LC2_A5; Fanout = 17; REG Node = 'A[0]~reg0'
        Info: Total cell delay = 1.900 ns ( 48.72 % )
        Info: Total interconnect delay = 2.000 ns ( 51.28 % )
    Info: + Micro hold delay of destination is 1.400 ns
    Info: - Shortest pin to register delay is 9.900 ns
        Info: 1: + IC(0.000 ns) + CELL(1.900 ns) = 1.900 ns; Loc. = PIN_126; Fanout = 1; PIN Node = 'port_in[0]'
        Info: 2: + IC(1.600 ns) + CELL(1.900 ns) = 5.400 ns; Loc. = LC3_A5; Fanout = 1; COMB Node = 'A~69'
        Info: 3: + IC(0.600 ns) + CELL(1.900 ns) = 7.900 ns; Loc. = LC8_A5; Fanout = 1; COMB Node = 'A~74'
        Info: 4: + IC(0.600 ns) + CELL(1.400 ns) = 9.900 ns; Loc. = LC2_A5; Fanout = 17; REG Node = 'A[0]~reg0'
        Info: Total cell delay = 7.100 ns ( 71.72 % )
        Info: Total interconnect delay = 2.800 ns ( 28.28 % )
Info: Quartus II Classic Timing Analyzer was successful. 0 errors, 1 warning
    Info: Peak virtual memory: 195 megabytes
    Info: Processing ended: Wed Mar 31 23:52:28 2021
    Info: Elapsed time: 00:00:01
    Info: Total CPU time (on all processors): 00:00:00


